<!DOCTYPE html><html><head><title>SiteForge</title><link rel="stylesheet" href="/style.min.css"></head><body><h1>SiteForge</h1><p>Welcome to SiteForge, a custom site generator built with Node.js, Jade and Less.</p></body></html>